Line No. 18  syntax error
Line No. 28  syntax error
